[copy.sh/v86/index.html]
[backblue.gif]
[fade.gif]
[index.html]
[copy.sh/v86/build/v86_all-v2.js]
[copy.sh/v86/v86.css]
[copy.sh/v86/debug.html]
[copy.sh/v86/index.html]
[copy.sh/v86/v86.css]
[copy.sh/v86/index5d3a.html]
[copy.sh/v86/index5d3a.html]
[copy.sh/v86/index91c5.html]
[copy.sh/v86/index59f9.html]
[copy.sh/v86/indexa0ae.html]
[copy.sh/v86/index91c5.html]
[copy.sh/v86/indexb010.html]
[copy.sh/v86/index0588.html]
[copy.sh/v86/index59f9.html]
[copy.sh/v86/index2835.html]
[copy.sh/v86/indexb65d.html]
[copy.sh/v86/indexa0ae.html]
[copy.sh/v86/index6afd.html]
[copy.sh/v86/indexf694.html]
[copy.sh/v86/indexb010.html]
[copy.sh/v86/indexc33e.html]
[copy.sh/v86/indexfe60.html]
[copy.sh/v86/index0588.html]
[copy.sh/v86/index688f.html]
[copy.sh/v86/indexf1d7.html]
[copy.sh/v86/index2835.html]
[copy.sh/v86/index1a1f.html]
[copy.sh/v86/index8671.html]
[copy.sh/v86/index8c39.html]
[copy.sh/v86/indexfb8b.html]
[copy.sh/v86/indexb65d.html]
[copy.sh/v86/index3c3f.html]
[copy.sh/v86/index28c6.html]
[copy.sh/v86/index6afd.html]
[copy.sh/v86/index1150.html]
[copy.sh/v86/indexf694.html]
[copy.sh/v86/index22f8.html]
[copy.sh/v86/indexdbce.html]
[copy.sh/v86/indexfa7f.html]
[copy.sh/v86/indexc33e.html]
[copy.sh/v86/index3166.html]
[copy.sh/v86/index896b.html]
[copy.sh/v86/indexfe60.html]
[copy.sh/v86/index35a9.html]
[copy.sh/v86/index4584.html]
[copy.sh/v86/index688f.html]
[copy.sh/v86/indexb7e8.html]
[copy.sh/v86/indexf1d7.html]
[copy.sh/v86/indexad90.html]
[copy.sh/v86/index011d.html]
[copy.sh/v86/index9e34.html]
[copy.sh/v86/index5648.html]
[copy.sh/v86/indexe562.html]
[copy.sh/v86/indexe705.html]
[copy.sh/v86/index1a1f.html]
[copy.sh/v86/index5225.html]
[copy.sh/v86/index72ec.html]
[copy.sh/v86/index8671.html]
[copy.sh/v86/index2ca1.html]
[copy.sh/v86/indexafaa.html]
[copy.sh/v86/index8c39.html]
[copy.sh/v86/index57bf.html]
[copy.sh/v86/indexe915.html]
[copy.sh/v86/indexfb8b.html]
[copy.sh/v86/index6a28.html]
[copy.sh/v86/index3c3f.html]
[copy.sh/v86/index0314.html]
[copy.sh/v86/index776d.html]
[copy.sh/v86/index28c6.html]
[copy.sh/v86/index59f7.html]
[copy.sh/v86/indexfaed.html]
[copy.sh/v86/index5705.html]
[copy.sh/v86/indexdc13.html]
[copy.sh/v86/index95b0.html]
[copy.sh/v86/index6c32.html]
[copy.sh/v86/index1150.html]
[copy.sh/v86/index4e5d.html]
[copy.sh/v86/indexa88e.html]
[copy.sh/v86/index22f8.html]
[copy.sh/v86/index794d.html]
[copy.sh/v86/index2a85.html]
[copy.sh/v86/indexfa7f.html]
[copy.sh/v86/index44c9.html]
[copy.sh/v86/index46f4.html]
[copy.sh/v86/indexdbce.html]
[copy.sh/v86/indexf752.html]
[copy.sh/v86/indexc723.html]
[copy.sh/v86/index3166.html]
[copy.sh/v86/index22ba.html]
[copy.sh/v86/indexe2ec.html]
[copy.sh/v86/index35a9.html]
[copy.sh/v86/index291a.html]
[copy.sh/v86/index14da.html]
[copy.sh/v86/index8e72.html]
[copy.sh/v86/index896b.html]
[copy.sh/v86/index64df.html]
[copy.sh/v86/index63db.html]
[copy.sh/v86/index01da.html]
[copy.sh/v86/index4584.html]
[copy.sh/v86/indexaa14.html]
[copy.sh/v86/index06b6.html]
[copy.sh/v86/indexb7e8.html]
[copy.sh/v86/index1046.html]
[copy.sh/v86/index7843.html]
[copy.sh/v86/indexf820.html]
[copy.sh/v86/indexad90.html]
[copy.sh/v86/indexbe79.html]
[copy.sh/v86/index425b.html]
[copy.sh/v86/index9e99.html]
[copy.sh/v86/index011d.html]
[copy.sh/v86/indexc174.html]
[copy.sh/v86/indexf307.html]
[copy.sh/v86/index5648.html]
[copy.sh/v86/indexeb66.html]
[copy.sh/v86/index2483.html]
[copy.sh/v86/indexe705.html]
[copy.sh/v86/index6767.html]
[copy.sh/v86/index5225.html]
[copy.sh/v86/index72ec.html]
[copy.sh/v86/index2ca1.html]
[copy.sh/v86/indexafaa.html]
[copy.sh/v86/index57bf.html]
[copy.sh/v86/indexe915.html]
[copy.sh/v86/index6a28.html]
[copy.sh/v86/index0314.html]
[copy.sh/v86/index776d.html]
[copy.sh/v86/index59f7.html]
[copy.sh/v86/indexfaed.html]
[copy.sh/v86/indexdc13.html]
[copy.sh/v86/index6c32.html]
[copy.sh/v86/index4e5d.html]
[copy.sh/v86/indexa88e.html]
[copy.sh/v86/index794d.html]
[copy.sh/v86/index2a85.html]
[copy.sh/v86/index44c9.html]
[copy.sh/v86/index46f4.html]
[copy.sh/v86/indexf752.html]
[copy.sh/v86/indexc723.html]
[copy.sh/v86/index22ba.html]
[copy.sh/v86/indexe2ec.html]
[copy.sh/v86/index291a.html]
[copy.sh/v86/index14da.html]
[copy.sh/v86/index8e72.html]
[copy.sh/v86/index64df.html]
[copy.sh/v86/index63db.html]
[copy.sh/v86/index01da.html]
[copy.sh/v86/indexaa14.html]
[copy.sh/v86/index06b6.html]
[copy.sh/v86/index1046.html]
[copy.sh/v86/index7843.html]
[copy.sh/v86/indexf820.html]
[copy.sh/v86/indexbe79.html]
[copy.sh/v86/index425b.html]
[copy.sh/v86/index9e99.html]
[copy.sh/v86/indexc174.html]
[copy.sh/v86/indexf307.html]
[copy.sh/v86/indexeb66.html]
[copy.sh/v86/index2483.html]
[copy.sh/v86/index6767.html]
[copy.sh/v86/index7d26.html]
[copy.sh/v86/index7d26.html]
[copy.sh/v86/index08d5.html]
[copy.sh/v86/indexed0c.html]
[copy.sh/v86/index08d5.html]
[copy.sh/v86/indexed0c.html]
[copy.sh/v86/debug.html]
[copy.sh/v86/build/v86_all_debug.js]
